// Jest Snapshot v1, https://goo.gl/fbAQLP

exports[`<Button /> renders correctly across screens 1`] = `
<View
  accessibilityState={
    {
      "busy": undefined,
      "checked": undefined,
      "disabled": undefined,
      "expanded": undefined,
      "selected": undefined,
    }
  }
  accessibilityValue={
    {
      "max": undefined,
      "min": undefined,
      "now": undefined,
      "text": undefined,
    }
  }
  accessible={true}
  collapsable={false}
  focusable={false}
  onClick={[Function]}
  onResponderGrant={[Function]}
  onResponderMove={[Function]}
  onResponderRelease={[Function]}
  onResponderTerminate={[Function]}
  onResponderTerminationRequest={[Function]}
  onStartShouldSetResponder={[Function]}
  style={
    {
      "alignSelf": "center",
      "backgroundColor": "#4F63AC",
      "borderRadius": 8,
      "marginTop": 30,
      "opacity": 1,
      "paddingVertical": 15,
      "textAlign": "center",
      "width": "100%",
    }
  }
>
  <Text
    style={
      {
        "color": "#FFFFFF",
        "fontSize": 16,
        "fontWeight": "bold",
        "textAlign": "center",
      }
    }
  />
</View>
`;
